2025-04-08 23:26:20,496 - INFO - 
==== Testing run_server.py ====
2025-04-08 23:26:20,496 - INFO - Command: python run_server.py --port 8800 --no-browser
2025-04-08 23:26:20,497 - INFO - Waiting for server on port 8800...
2025-04-08 23:26:20,502 - INFO - Attempt 1/10 - Server not ready...
2025-04-08 23:26:22,513 - INFO - Server is up on port 8800! Status: 200
2025-04-08 23:26:22,513 - INFO - Testing endpoint: http://localhost:8800/
2025-04-08 23:26:22,516 - INFO - Endpoint http://localhost:8800/ returned status 200 as expected
2025-04-08 23:26:22,516 - INFO - Testing endpoint: http://localhost:8800/browse/authors
2025-04-08 23:26:22,564 - INFO - Endpoint http://localhost:8800/browse/authors returned status 200 as expected
2025-04-08 23:26:22,564 - INFO - Testing endpoint: http://localhost:8800/search
2025-04-08 23:26:22,566 - INFO - Endpoint http://localhost:8800/search returned status 200 as expected
2025-04-08 23:26:22,566 - INFO - Terminating process 46143...
2025-04-08 23:26:27,566 - WARNING - Process 46143 didn't terminate, killing...
2025-04-08 23:26:27,567 - INFO - ==== run_server.py TEST PASSED ====

2025-04-08 23:26:27,568 - INFO - 
==== Testing python -m src.first1k ====
2025-04-08 23:26:27,568 - INFO - Command: python -m src.first1k --port 8801 --no-browser
2025-04-08 23:26:27,569 - INFO - Waiting for server on port 8801...
2025-04-08 23:26:27,571 - INFO - Attempt 1/10 - Server not ready...
2025-04-08 23:26:29,576 - INFO - Server is up on port 8801! Status: 200
2025-04-08 23:26:29,576 - INFO - Testing endpoint: http://localhost:8801/
2025-04-08 23:26:29,578 - INFO - Endpoint http://localhost:8801/ returned status 200 as expected
2025-04-08 23:26:29,578 - INFO - Testing endpoint: http://localhost:8801/browse/authors
2025-04-08 23:26:29,611 - INFO - Endpoint http://localhost:8801/browse/authors returned status 200 as expected
2025-04-08 23:26:29,611 - INFO - Testing endpoint: http://localhost:8801/search
2025-04-08 23:26:29,612 - INFO - Endpoint http://localhost:8801/search returned status 200 as expected
2025-04-08 23:26:29,612 - INFO - Terminating process 46148...
2025-04-08 23:26:34,615 - WARNING - Process 46148 didn't terminate, killing...
2025-04-08 23:26:34,618 - INFO - ==== python -m src.first1k TEST PASSED ====

2025-04-08 23:26:34,618 - INFO - 
==== Testing browse_texts_fixed.py (legacy) ====
2025-04-08 23:26:34,618 - INFO - Command: python browse_texts_fixed.py --port 8802 --no-browser
2025-04-08 23:26:34,622 - INFO - Waiting for server on port 8802...
2025-04-08 23:26:34,626 - INFO - Attempt 1/10 - Server not ready...
2025-04-08 23:26:36,629 - INFO - Server is up on port 8802! Status: 200
2025-04-08 23:26:36,629 - INFO - Testing endpoint: http://localhost:8802/
2025-04-08 23:26:36,630 - INFO - Endpoint http://localhost:8802/ returned status 200 as expected
2025-04-08 23:26:36,630 - INFO - Testing endpoint: http://localhost:8802/browse/authors
2025-04-08 23:26:36,663 - INFO - Endpoint http://localhost:8802/browse/authors returned status 200 as expected
2025-04-08 23:26:36,663 - INFO - Testing endpoint: http://localhost:8802/search
2025-04-08 23:26:36,664 - INFO - Endpoint http://localhost:8802/search returned status 200 as expected
2025-04-08 23:26:36,664 - INFO - Terminating process 46152...
2025-04-08 23:26:41,667 - WARNING - Process 46152 didn't terminate, killing...
2025-04-08 23:26:41,670 - INFO - ==== browse_texts_fixed.py (legacy) TEST PASSED ====

2025-04-08 23:26:41,671 - INFO - Created temporary directory: /var/folders/_3/txtv4qn97sq809q4q2z4mzf40000gn/T/tmpwlebrwdo
2025-04-08 23:26:41,671 - INFO - Building and installing package...
2025-04-08 23:26:43,252 - INFO - 
==== Testing installed package ====
2025-04-08 23:26:43,252 - INFO - Command: PYTHONPATH=/var/folders/_3/txtv4qn97sq809q4q2z4mzf40000gn/T/tmpwlebrwdo /var/folders/_3/txtv4qn97sq809q4q2z4mzf40000gn/T/tmpwlebrwdo/bin/first1k --port 8803 --no-browser
2025-04-08 23:26:43,253 - INFO - Waiting for server on port 8803...
2025-04-08 23:26:43,255 - INFO - Attempt 1/10 - Server not ready...
2025-04-08 23:26:45,264 - INFO - Attempt 2/10 - Server not ready...
2025-04-08 23:26:47,271 - INFO - Attempt 3/10 - Server not ready...
2025-04-08 23:26:49,280 - INFO - Attempt 4/10 - Server not ready...
2025-04-08 23:26:51,288 - INFO - Attempt 5/10 - Server not ready...
2025-04-08 23:26:53,298 - INFO - Attempt 6/10 - Server not ready...
2025-04-08 23:26:55,306 - INFO - Attempt 7/10 - Server not ready...
2025-04-08 23:26:57,314 - INFO - Attempt 8/10 - Server not ready...
2025-04-08 23:26:59,323 - INFO - Attempt 9/10 - Server not ready...
2025-04-08 23:27:00,049 - INFO - Cleaning up temporary directory: /var/folders/_3/txtv4qn97sq809q4q2z4mzf40000gn/T/tmpwlebrwdo
